ERROR: [XSIM 43-3342] Unable to open project file "max_diff_tb_vhdl.prj".
